{
  "start": 0,
  "instructions": [
    { "seq": [1, 1] },
    { "seq": [2, 0] },
    { "series": 0 }
  ],
  "series": [
    [{
      "negated": true,
      "ranges": []
    }]
  ],
  "labels": [],
  "expecteds": []
}
