{
  "start": 0,
  "instructions": [
    { "seq": [1, 1] },
    { "choice": [2, 4] },
    { "seq": [3, 1] },
    { "series": 0 },
    { "series": 1 }
  ],
  "series": [
    [{
      "negated": true,
      "ranges": []
    }],
    []
  ],
  "labels": []
}