{
  "start": 0,
  "instructions": [
    { "seq": [1, 1] },
    { "class": 0 }
  ],
  "classes": [
    {
      "negated": false,
      "ranges": [[4, 8]]
    }
  ],
  "labels": []
}