{
  "start": 0,
  "instructions": ["empty"],
  "classes": [],
  "labels": []
}
