{
  "start": 0,
  "instructions": [
    { "label": [1, 0] },
    { "series": 0 }
  ],
  "series": [
    [{
      "negated": true,
      "ranges": []
    }]
  ],
  "labels": ["foo"],
  "expecteds": []
}
