{
  "start": 0,
  "instructions": [
    { "error": [1, 0] },
    { "series": 0 }
  ],
  "series": [
    []
  ],
  "labels": [],
  "expecteds": [{
    "labels": ["foo"],
    "literals": [
      [1]
    ]
  }]
}
