{
  "start": 0,
  "instructions": [
    { "firstChoice": [1, 2] },
    { "series": 0 },
    { "firstChoice": [1, 1] }
  ],
  "series": [
    []
  ],
  "labels": [],
  "expecteds": []
}
