{
  "start": 0,
  "instructions": [
    { "seq": [1, 1] },
    { "series": 0 }
  ],
  "series": [
    []
  ],
  "labels": []
}