{
  "start": 0,
  "instructions": [
    { "class": 0 }
  ],
  "classes": [
    {
      "negated": true,
      "ranges": []
    }
  ],
  "labels": []
}
