{
  "start": 0,
  "instructions": [
    { "seq": [1, 6] },
    { "seq": [2, 5] },
    { "notAhead": 3 },
    { "notAhead": 4 },
    { "choice": [5, 6] },
    { "class": 1 },
    { "class": 0 }
  ],
  "classes": [
    {
      "negated": false,
      "ranges": [[0, 0]]
    },
    {
      "negated": false,
      "ranges": [[1, 1]]
    }
  ],
  "labels": []
}
