{
  "start": 0,
  "instructions": [
    { "choice": [1, 5] },
    { "seq": [2, 4] },
    { "notAhead": 3} ,
    { "notAhead": 4 },
    { "class": 0 },
    { "seq": [6, 8] },
    { "notAhead": 7 },
    { "notAhead": 8 },
    { "class": 1 }
  ],
  "classes": [
    {
      "negated": false,
      "ranges": [[0, 0]]
    },
    {
      "negated": false,
      "ranges": [[1, 1]]
    }
  ],
  "labels": []
}
