{
  "start": 0,
  "instructions": [
    { "series": 0 }
  ],
  "series": [
    []
  ],
  "labels": ["foo"],
  "expecteds": []
}
